/scratch/na00078/conda_envs/QuickCW/bin/python
--------------------------------------------------------
Processing file: /scratch/na00078/projects/IPTA_MDC2/h5_files/G2D1_broad_detect_4core.h5
Target dL: 75.4 Mpc
Output log: dl_masking_G2D1_broad_detect_4core_75.4Mpc.out
--------------------------------------------------------
--------------------------------------------------------
Processing file: /scratch/na00078/projects/IPTA_MDC2/h5_files/G2D1_narrow_detect_4core.h5
Target dL: 75.4 Mpc
Output log: dl_masking_G2D1_narrow_detect_4core_75.4Mpc.out
--------------------------------------------------------
--------------------------------------------------------
Processing file: /scratch/na00078/projects/IPTA_MDC2/h5_files/G2D1_broad_UL_4core.h5
Target dL: 75.4 Mpc
Output log: dl_masking_G2D1_broad_UL_4core_75.4Mpc.out
--------------------------------------------------------
--------------------------------------------------------
Processing file: /scratch/na00078/projects/IPTA_MDC2/h5_files/G2D1_narrow_UL_4core.h5
Target dL: 75.4 Mpc
Output log: dl_masking_G2D1_narrow_UL_4core_75.4Mpc.out
--------------------------------------------------------
--------------------------------------------------------
Processing file: /scratch/na00078/projects/IPTA_MDC2/h5_files/G2D2_broad_detect_tref_4core.h5
Target dL: 75.4 Mpc
Output log: dl_masking_G2D2_broad_detect_tref_4core_75.4Mpc.out
--------------------------------------------------------
--------------------------------------------------------
Processing file: /scratch/na00078/projects/IPTA_MDC2/h5_files/G2D2_narrow_detect_tref_4core.h5
Target dL: 75.4 Mpc
Output log: dl_masking_G2D2_narrow_detect_tref_4core_75.4Mpc.out
--------------------------------------------------------
All masking runs complete.
