Input file: /scratch/na00078/projects/IPTA_MDC2/h5_files/G2D2_broad_detect_tref_4core.h5
Target d_L: 75.4 Mpc
File contains 100000000 samples × 142 parameters
Streaming in chunks...

Processing samples 0 → 1,000,000
Processing samples 1,000,000 → 2,000,000
Processing samples 2,000,000 → 3,000,000
Processing samples 3,000,000 → 4,000,000
Processing samples 4,000,000 → 5,000,000
Processing samples 5,000,000 → 6,000,000
Processing samples 6,000,000 → 7,000,000
Processing samples 7,000,000 → 8,000,000
Processing samples 8,000,000 → 9,000,000
Processing samples 9,000,000 → 10,000,000
Processing samples 10,000,000 → 11,000,000
Processing samples 11,000,000 → 12,000,000
Processing samples 12,000,000 → 13,000,000
Processing samples 13,000,000 → 14,000,000
Processing samples 14,000,000 → 15,000,000
Processing samples 15,000,000 → 16,000,000
Processing samples 16,000,000 → 17,000,000
Processing samples 17,000,000 → 18,000,000
Processing samples 18,000,000 → 19,000,000
Processing samples 19,000,000 → 20,000,000
Processing samples 20,000,000 → 21,000,000
Processing samples 21,000,000 → 22,000,000
Processing samples 22,000,000 → 23,000,000
Processing samples 23,000,000 → 24,000,000
Processing samples 24,000,000 → 25,000,000
Processing samples 25,000,000 → 26,000,000
Processing samples 26,000,000 → 27,000,000
Processing samples 27,000,000 → 28,000,000
Processing samples 28,000,000 → 29,000,000
Processing samples 29,000,000 → 30,000,000
Processing samples 30,000,000 → 31,000,000
Processing samples 31,000,000 → 32,000,000
Processing samples 32,000,000 → 33,000,000
Processing samples 33,000,000 → 34,000,000
Processing samples 34,000,000 → 35,000,000
Processing samples 35,000,000 → 36,000,000
Processing samples 36,000,000 → 37,000,000
Processing samples 37,000,000 → 38,000,000
Processing samples 38,000,000 → 39,000,000
Processing samples 39,000,000 → 40,000,000
Processing samples 40,000,000 → 41,000,000
Processing samples 41,000,000 → 42,000,000
Processing samples 42,000,000 → 43,000,000
Processing samples 43,000,000 → 44,000,000
Processing samples 44,000,000 → 45,000,000
Processing samples 45,000,000 → 46,000,000
Processing samples 46,000,000 → 47,000,000
Processing samples 47,000,000 → 48,000,000
Processing samples 48,000,000 → 49,000,000
Processing samples 49,000,000 → 50,000,000
Processing samples 50,000,000 → 51,000,000
Processing samples 51,000,000 → 52,000,000
Processing samples 52,000,000 → 53,000,000
Processing samples 53,000,000 → 54,000,000
Processing samples 54,000,000 → 55,000,000
Processing samples 55,000,000 → 56,000,000
Processing samples 56,000,000 → 57,000,000
Processing samples 57,000,000 → 58,000,000
Processing samples 58,000,000 → 59,000,000
Processing samples 59,000,000 → 60,000,000
Processing samples 60,000,000 → 61,000,000
Processing samples 61,000,000 → 62,000,000
Processing samples 62,000,000 → 63,000,000
Processing samples 63,000,000 → 64,000,000
Processing samples 64,000,000 → 65,000,000
Processing samples 65,000,000 → 66,000,000
Processing samples 66,000,000 → 67,000,000
Processing samples 67,000,000 → 68,000,000
Processing samples 68,000,000 → 69,000,000
Processing samples 69,000,000 → 70,000,000
Processing samples 70,000,000 → 71,000,000
Processing samples 71,000,000 → 72,000,000
Processing samples 72,000,000 → 73,000,000
Processing samples 73,000,000 → 74,000,000
Processing samples 74,000,000 → 75,000,000
Processing samples 75,000,000 → 76,000,000
Processing samples 76,000,000 → 77,000,000
Processing samples 77,000,000 → 78,000,000
Processing samples 78,000,000 → 79,000,000
Processing samples 79,000,000 → 80,000,000
Processing samples 80,000,000 → 81,000,000
Processing samples 81,000,000 → 82,000,000
Processing samples 82,000,000 → 83,000,000
Processing samples 83,000,000 → 84,000,000
Processing samples 84,000,000 → 85,000,000
Processing samples 85,000,000 → 86,000,000
Processing samples 86,000,000 → 87,000,000
Processing samples 87,000,000 → 88,000,000
Processing samples 88,000,000 → 89,000,000
Processing samples 89,000,000 → 90,000,000
Processing samples 90,000,000 → 91,000,000
Processing samples 91,000,000 → 92,000,000
Processing samples 92,000,000 → 93,000,000
Processing samples 93,000,000 → 94,000,000
Processing samples 94,000,000 → 95,000,000
Processing samples 95,000,000 → 96,000,000
Processing samples 96,000,000 → 97,000,000
Processing samples 97,000,000 → 98,000,000
Processing samples 98,000,000 → 99,000,000
Processing samples 99,000,000 → 100,000,000

Mask keeps 192354 / 100000000 samples

Saved masked file → /scratch/na00078/projects/IPTA_MDC2/h5_files/dl_masked/G2D2_broad_detect_tref_4core_dLmasked_75.400Mpc.h5
