Input file: /scratch/na00078/projects/IPTA_MDC2/h5_files/G2D1_broad_UL_1e9_fixed_gamma.h5
Target d_L: 75.4 Mpc
File contains 1000000000 samples × 142 parameters
Streaming in chunks...

Processing samples 0 → 1,000,000
Processing samples 1,000,000 → 2,000,000
Processing samples 2,000,000 → 3,000,000
Processing samples 3,000,000 → 4,000,000
Processing samples 4,000,000 → 5,000,000
Processing samples 5,000,000 → 6,000,000
Processing samples 6,000,000 → 7,000,000
Processing samples 7,000,000 → 8,000,000
Processing samples 8,000,000 → 9,000,000
Processing samples 9,000,000 → 10,000,000
Processing samples 10,000,000 → 11,000,000
Processing samples 11,000,000 → 12,000,000
Processing samples 12,000,000 → 13,000,000
Processing samples 13,000,000 → 14,000,000
Processing samples 14,000,000 → 15,000,000
Processing samples 15,000,000 → 16,000,000
Processing samples 16,000,000 → 17,000,000
Processing samples 17,000,000 → 18,000,000
Processing samples 18,000,000 → 19,000,000
Processing samples 19,000,000 → 20,000,000
Processing samples 20,000,000 → 21,000,000
Processing samples 21,000,000 → 22,000,000
Processing samples 22,000,000 → 23,000,000
Processing samples 23,000,000 → 24,000,000
Processing samples 24,000,000 → 25,000,000
Processing samples 25,000,000 → 26,000,000
Processing samples 26,000,000 → 27,000,000
Processing samples 27,000,000 → 28,000,000
Processing samples 28,000,000 → 29,000,000
Processing samples 29,000,000 → 30,000,000
Processing samples 30,000,000 → 31,000,000
Processing samples 31,000,000 → 32,000,000
Processing samples 32,000,000 → 33,000,000
Processing samples 33,000,000 → 34,000,000
Processing samples 34,000,000 → 35,000,000
Processing samples 35,000,000 → 36,000,000
Processing samples 36,000,000 → 37,000,000
Processing samples 37,000,000 → 38,000,000
Processing samples 38,000,000 → 39,000,000
Processing samples 39,000,000 → 40,000,000
Processing samples 40,000,000 → 41,000,000
Processing samples 41,000,000 → 42,000,000
Processing samples 42,000,000 → 43,000,000
Processing samples 43,000,000 → 44,000,000
Processing samples 44,000,000 → 45,000,000
Processing samples 45,000,000 → 46,000,000
Processing samples 46,000,000 → 47,000,000
Processing samples 47,000,000 → 48,000,000
Processing samples 48,000,000 → 49,000,000
Processing samples 49,000,000 → 50,000,000
Processing samples 50,000,000 → 51,000,000
Processing samples 51,000,000 → 52,000,000
Processing samples 52,000,000 → 53,000,000
Processing samples 53,000,000 → 54,000,000
Processing samples 54,000,000 → 55,000,000
Processing samples 55,000,000 → 56,000,000
Processing samples 56,000,000 → 57,000,000
Processing samples 57,000,000 → 58,000,000
Processing samples 58,000,000 → 59,000,000
Processing samples 59,000,000 → 60,000,000
Processing samples 60,000,000 → 61,000,000
Processing samples 61,000,000 → 62,000,000
Processing samples 62,000,000 → 63,000,000
Processing samples 63,000,000 → 64,000,000
Processing samples 64,000,000 → 65,000,000
Processing samples 65,000,000 → 66,000,000
Processing samples 66,000,000 → 67,000,000
Processing samples 67,000,000 → 68,000,000
Processing samples 68,000,000 → 69,000,000
Processing samples 69,000,000 → 70,000,000
Processing samples 70,000,000 → 71,000,000
Processing samples 71,000,000 → 72,000,000
Processing samples 72,000,000 → 73,000,000
Processing samples 73,000,000 → 74,000,000
Processing samples 74,000,000 → 75,000,000
Processing samples 75,000,000 → 76,000,000
Processing samples 76,000,000 → 77,000,000
Processing samples 77,000,000 → 78,000,000
Processing samples 78,000,000 → 79,000,000
Processing samples 79,000,000 → 80,000,000
Processing samples 80,000,000 → 81,000,000
Processing samples 81,000,000 → 82,000,000
Processing samples 82,000,000 → 83,000,000
Processing samples 83,000,000 → 84,000,000
Processing samples 84,000,000 → 85,000,000
Processing samples 85,000,000 → 86,000,000
Processing samples 86,000,000 → 87,000,000
Processing samples 87,000,000 → 88,000,000
Processing samples 88,000,000 → 89,000,000
Processing samples 89,000,000 → 90,000,000
Processing samples 90,000,000 → 91,000,000
Processing samples 91,000,000 → 92,000,000
Processing samples 92,000,000 → 93,000,000
Processing samples 93,000,000 → 94,000,000
Processing samples 94,000,000 → 95,000,000
Processing samples 95,000,000 → 96,000,000
Processing samples 96,000,000 → 97,000,000
Processing samples 97,000,000 → 98,000,000
Processing samples 98,000,000 → 99,000,000
Processing samples 99,000,000 → 100,000,000
Processing samples 100,000,000 → 101,000,000
Processing samples 101,000,000 → 102,000,000
Processing samples 102,000,000 → 103,000,000
Processing samples 103,000,000 → 104,000,000
Processing samples 104,000,000 → 105,000,000
Processing samples 105,000,000 → 106,000,000
Processing samples 106,000,000 → 107,000,000
Processing samples 107,000,000 → 108,000,000
Processing samples 108,000,000 → 109,000,000
Processing samples 109,000,000 → 110,000,000
Processing samples 110,000,000 → 111,000,000
Processing samples 111,000,000 → 112,000,000
Processing samples 112,000,000 → 113,000,000
Processing samples 113,000,000 → 114,000,000
Processing samples 114,000,000 → 115,000,000
Processing samples 115,000,000 → 116,000,000
Processing samples 116,000,000 → 117,000,000
Processing samples 117,000,000 → 118,000,000
Processing samples 118,000,000 → 119,000,000
Processing samples 119,000,000 → 120,000,000
Processing samples 120,000,000 → 121,000,000
Processing samples 121,000,000 → 122,000,000
Processing samples 122,000,000 → 123,000,000
Processing samples 123,000,000 → 124,000,000
Processing samples 124,000,000 → 125,000,000
Processing samples 125,000,000 → 126,000,000
Processing samples 126,000,000 → 127,000,000
Processing samples 127,000,000 → 128,000,000
Processing samples 128,000,000 → 129,000,000
Processing samples 129,000,000 → 130,000,000
Processing samples 130,000,000 → 131,000,000
Processing samples 131,000,000 → 132,000,000
Processing samples 132,000,000 → 133,000,000
Processing samples 133,000,000 → 134,000,000
Processing samples 134,000,000 → 135,000,000
Processing samples 135,000,000 → 136,000,000
Processing samples 136,000,000 → 137,000,000
Processing samples 137,000,000 → 138,000,000
Processing samples 138,000,000 → 139,000,000
Processing samples 139,000,000 → 140,000,000
Processing samples 140,000,000 → 141,000,000
Processing samples 141,000,000 → 142,000,000
Processing samples 142,000,000 → 143,000,000
Processing samples 143,000,000 → 144,000,000
Processing samples 144,000,000 → 145,000,000
Processing samples 145,000,000 → 146,000,000
Processing samples 146,000,000 → 147,000,000
Processing samples 147,000,000 → 148,000,000
Processing samples 148,000,000 → 149,000,000
Processing samples 149,000,000 → 150,000,000
Processing samples 150,000,000 → 151,000,000
Processing samples 151,000,000 → 152,000,000
Processing samples 152,000,000 → 153,000,000
Processing samples 153,000,000 → 154,000,000
Processing samples 154,000,000 → 155,000,000
Processing samples 155,000,000 → 156,000,000
Processing samples 156,000,000 → 157,000,000
Processing samples 157,000,000 → 158,000,000
Processing samples 158,000,000 → 159,000,000
Processing samples 159,000,000 → 160,000,000
Processing samples 160,000,000 → 161,000,000
Processing samples 161,000,000 → 162,000,000
Processing samples 162,000,000 → 163,000,000
Processing samples 163,000,000 → 164,000,000
Processing samples 164,000,000 → 165,000,000
Processing samples 165,000,000 → 166,000,000
Processing samples 166,000,000 → 167,000,000
Processing samples 167,000,000 → 168,000,000
Processing samples 168,000,000 → 169,000,000
Processing samples 169,000,000 → 170,000,000
Processing samples 170,000,000 → 171,000,000
Processing samples 171,000,000 → 172,000,000
Processing samples 172,000,000 → 173,000,000
Processing samples 173,000,000 → 174,000,000
Processing samples 174,000,000 → 175,000,000
Processing samples 175,000,000 → 176,000,000
Processing samples 176,000,000 → 177,000,000
Processing samples 177,000,000 → 178,000,000
Processing samples 178,000,000 → 179,000,000
Processing samples 179,000,000 → 180,000,000
Processing samples 180,000,000 → 181,000,000
Processing samples 181,000,000 → 182,000,000
Processing samples 182,000,000 → 183,000,000
Processing samples 183,000,000 → 184,000,000
Processing samples 184,000,000 → 185,000,000
Processing samples 185,000,000 → 186,000,000
Processing samples 186,000,000 → 187,000,000
Processing samples 187,000,000 → 188,000,000
Processing samples 188,000,000 → 189,000,000
Processing samples 189,000,000 → 190,000,000
Processing samples 190,000,000 → 191,000,000
Processing samples 191,000,000 → 192,000,000
Processing samples 192,000,000 → 193,000,000
Processing samples 193,000,000 → 194,000,000
Processing samples 194,000,000 → 195,000,000
Processing samples 195,000,000 → 196,000,000
Processing samples 196,000,000 → 197,000,000
Processing samples 197,000,000 → 198,000,000
Processing samples 198,000,000 → 199,000,000
Processing samples 199,000,000 → 200,000,000
Processing samples 200,000,000 → 201,000,000
Processing samples 201,000,000 → 202,000,000
Processing samples 202,000,000 → 203,000,000
Processing samples 203,000,000 → 204,000,000
Processing samples 204,000,000 → 205,000,000
Processing samples 205,000,000 → 206,000,000
Processing samples 206,000,000 → 207,000,000
Processing samples 207,000,000 → 208,000,000
Processing samples 208,000,000 → 209,000,000
Processing samples 209,000,000 → 210,000,000
Processing samples 210,000,000 → 211,000,000
Processing samples 211,000,000 → 212,000,000
Processing samples 212,000,000 → 213,000,000
Processing samples 213,000,000 → 214,000,000
Processing samples 214,000,000 → 215,000,000
Processing samples 215,000,000 → 216,000,000
Processing samples 216,000,000 → 217,000,000
Processing samples 217,000,000 → 218,000,000
Processing samples 218,000,000 → 219,000,000
Processing samples 219,000,000 → 220,000,000
Processing samples 220,000,000 → 221,000,000
Processing samples 221,000,000 → 222,000,000
Processing samples 222,000,000 → 223,000,000
Processing samples 223,000,000 → 224,000,000
Processing samples 224,000,000 → 225,000,000
Processing samples 225,000,000 → 226,000,000
Processing samples 226,000,000 → 227,000,000
Processing samples 227,000,000 → 228,000,000
Processing samples 228,000,000 → 229,000,000
Processing samples 229,000,000 → 230,000,000
Processing samples 230,000,000 → 231,000,000
Processing samples 231,000,000 → 232,000,000
Processing samples 232,000,000 → 233,000,000
Processing samples 233,000,000 → 234,000,000
Processing samples 234,000,000 → 235,000,000
Processing samples 235,000,000 → 236,000,000
Processing samples 236,000,000 → 237,000,000
Processing samples 237,000,000 → 238,000,000
Processing samples 238,000,000 → 239,000,000
Processing samples 239,000,000 → 240,000,000
Processing samples 240,000,000 → 241,000,000
Processing samples 241,000,000 → 242,000,000
Processing samples 242,000,000 → 243,000,000
Processing samples 243,000,000 → 244,000,000
Processing samples 244,000,000 → 245,000,000
Processing samples 245,000,000 → 246,000,000
Processing samples 246,000,000 → 247,000,000
Processing samples 247,000,000 → 248,000,000
Processing samples 248,000,000 → 249,000,000
Processing samples 249,000,000 → 250,000,000
Processing samples 250,000,000 → 251,000,000
Processing samples 251,000,000 → 252,000,000
Processing samples 252,000,000 → 253,000,000
Processing samples 253,000,000 → 254,000,000
Processing samples 254,000,000 → 255,000,000
Processing samples 255,000,000 → 256,000,000
Processing samples 256,000,000 → 257,000,000
Processing samples 257,000,000 → 258,000,000
Processing samples 258,000,000 → 259,000,000
Processing samples 259,000,000 → 260,000,000
Processing samples 260,000,000 → 261,000,000
Processing samples 261,000,000 → 262,000,000
Processing samples 262,000,000 → 263,000,000
Processing samples 263,000,000 → 264,000,000
Processing samples 264,000,000 → 265,000,000
Processing samples 265,000,000 → 266,000,000
Processing samples 266,000,000 → 267,000,000
Processing samples 267,000,000 → 268,000,000
Processing samples 268,000,000 → 269,000,000
Processing samples 269,000,000 → 270,000,000
Processing samples 270,000,000 → 271,000,000
Processing samples 271,000,000 → 272,000,000
Processing samples 272,000,000 → 273,000,000
Processing samples 273,000,000 → 274,000,000
Processing samples 274,000,000 → 275,000,000
Processing samples 275,000,000 → 276,000,000
Processing samples 276,000,000 → 277,000,000
Processing samples 277,000,000 → 278,000,000
Processing samples 278,000,000 → 279,000,000
Processing samples 279,000,000 → 280,000,000
Processing samples 280,000,000 → 281,000,000
Processing samples 281,000,000 → 282,000,000
Processing samples 282,000,000 → 283,000,000
Processing samples 283,000,000 → 284,000,000
Processing samples 284,000,000 → 285,000,000
Processing samples 285,000,000 → 286,000,000
Processing samples 286,000,000 → 287,000,000
Processing samples 287,000,000 → 288,000,000
Processing samples 288,000,000 → 289,000,000
Processing samples 289,000,000 → 290,000,000
Processing samples 290,000,000 → 291,000,000
Processing samples 291,000,000 → 292,000,000
Processing samples 292,000,000 → 293,000,000
Processing samples 293,000,000 → 294,000,000
Processing samples 294,000,000 → 295,000,000
Processing samples 295,000,000 → 296,000,000
Processing samples 296,000,000 → 297,000,000
Processing samples 297,000,000 → 298,000,000
Processing samples 298,000,000 → 299,000,000
Processing samples 299,000,000 → 300,000,000
Processing samples 300,000,000 → 301,000,000
Processing samples 301,000,000 → 302,000,000
Processing samples 302,000,000 → 303,000,000
Processing samples 303,000,000 → 304,000,000
Processing samples 304,000,000 → 305,000,000
Processing samples 305,000,000 → 306,000,000
Processing samples 306,000,000 → 307,000,000
Processing samples 307,000,000 → 308,000,000
Processing samples 308,000,000 → 309,000,000
Processing samples 309,000,000 → 310,000,000
Processing samples 310,000,000 → 311,000,000
Processing samples 311,000,000 → 312,000,000
Processing samples 312,000,000 → 313,000,000
Processing samples 313,000,000 → 314,000,000
Processing samples 314,000,000 → 315,000,000
Processing samples 315,000,000 → 316,000,000
Processing samples 316,000,000 → 317,000,000
Processing samples 317,000,000 → 318,000,000
Processing samples 318,000,000 → 319,000,000
Processing samples 319,000,000 → 320,000,000
Processing samples 320,000,000 → 321,000,000
Processing samples 321,000,000 → 322,000,000
Processing samples 322,000,000 → 323,000,000
Processing samples 323,000,000 → 324,000,000
Processing samples 324,000,000 → 325,000,000
Processing samples 325,000,000 → 326,000,000
Processing samples 326,000,000 → 327,000,000
Processing samples 327,000,000 → 328,000,000
Processing samples 328,000,000 → 329,000,000
Processing samples 329,000,000 → 330,000,000
Processing samples 330,000,000 → 331,000,000
Processing samples 331,000,000 → 332,000,000
Processing samples 332,000,000 → 333,000,000
Processing samples 333,000,000 → 334,000,000
Processing samples 334,000,000 → 335,000,000
Processing samples 335,000,000 → 336,000,000
Processing samples 336,000,000 → 337,000,000
Processing samples 337,000,000 → 338,000,000
Processing samples 338,000,000 → 339,000,000
Processing samples 339,000,000 → 340,000,000
Processing samples 340,000,000 → 341,000,000
Processing samples 341,000,000 → 342,000,000
Processing samples 342,000,000 → 343,000,000
Processing samples 343,000,000 → 344,000,000
Processing samples 344,000,000 → 345,000,000
Processing samples 345,000,000 → 346,000,000
Processing samples 346,000,000 → 347,000,000
Processing samples 347,000,000 → 348,000,000
Processing samples 348,000,000 → 349,000,000
Processing samples 349,000,000 → 350,000,000
Processing samples 350,000,000 → 351,000,000
Processing samples 351,000,000 → 352,000,000
Processing samples 352,000,000 → 353,000,000
Processing samples 353,000,000 → 354,000,000
Processing samples 354,000,000 → 355,000,000
Processing samples 355,000,000 → 356,000,000
Processing samples 356,000,000 → 357,000,000
Processing samples 357,000,000 → 358,000,000
Processing samples 358,000,000 → 359,000,000
Processing samples 359,000,000 → 360,000,000
Processing samples 360,000,000 → 361,000,000
Processing samples 361,000,000 → 362,000,000
Processing samples 362,000,000 → 363,000,000
Processing samples 363,000,000 → 364,000,000
Processing samples 364,000,000 → 365,000,000
Processing samples 365,000,000 → 366,000,000
Processing samples 366,000,000 → 367,000,000
Processing samples 367,000,000 → 368,000,000
Processing samples 368,000,000 → 369,000,000
Processing samples 369,000,000 → 370,000,000
Processing samples 370,000,000 → 371,000,000
Processing samples 371,000,000 → 372,000,000
Processing samples 372,000,000 → 373,000,000
Processing samples 373,000,000 → 374,000,000
Processing samples 374,000,000 → 375,000,000
Processing samples 375,000,000 → 376,000,000
Processing samples 376,000,000 → 377,000,000
Processing samples 377,000,000 → 378,000,000
Processing samples 378,000,000 → 379,000,000
Processing samples 379,000,000 → 380,000,000
Processing samples 380,000,000 → 381,000,000
Processing samples 381,000,000 → 382,000,000
Processing samples 382,000,000 → 383,000,000
Processing samples 383,000,000 → 384,000,000
Processing samples 384,000,000 → 385,000,000
Processing samples 385,000,000 → 386,000,000
Processing samples 386,000,000 → 387,000,000
Processing samples 387,000,000 → 388,000,000
Processing samples 388,000,000 → 389,000,000
Processing samples 389,000,000 → 390,000,000
Processing samples 390,000,000 → 391,000,000
Processing samples 391,000,000 → 392,000,000
Processing samples 392,000,000 → 393,000,000
Processing samples 393,000,000 → 394,000,000
Processing samples 394,000,000 → 395,000,000
Processing samples 395,000,000 → 396,000,000
Processing samples 396,000,000 → 397,000,000
Processing samples 397,000,000 → 398,000,000
Processing samples 398,000,000 → 399,000,000
Processing samples 399,000,000 → 400,000,000
Processing samples 400,000,000 → 401,000,000
Processing samples 401,000,000 → 402,000,000
Processing samples 402,000,000 → 403,000,000
Processing samples 403,000,000 → 404,000,000
Processing samples 404,000,000 → 405,000,000
Processing samples 405,000,000 → 406,000,000
Processing samples 406,000,000 → 407,000,000
Processing samples 407,000,000 → 408,000,000
Processing samples 408,000,000 → 409,000,000
Processing samples 409,000,000 → 410,000,000
Processing samples 410,000,000 → 411,000,000
Processing samples 411,000,000 → 412,000,000
Processing samples 412,000,000 → 413,000,000
Processing samples 413,000,000 → 414,000,000
Processing samples 414,000,000 → 415,000,000
Processing samples 415,000,000 → 416,000,000
Processing samples 416,000,000 → 417,000,000
Processing samples 417,000,000 → 418,000,000
Processing samples 418,000,000 → 419,000,000
Processing samples 419,000,000 → 420,000,000
Processing samples 420,000,000 → 421,000,000
Processing samples 421,000,000 → 422,000,000
Processing samples 422,000,000 → 423,000,000
Processing samples 423,000,000 → 424,000,000
Processing samples 424,000,000 → 425,000,000
Processing samples 425,000,000 → 426,000,000
Processing samples 426,000,000 → 427,000,000
Processing samples 427,000,000 → 428,000,000
Processing samples 428,000,000 → 429,000,000
Processing samples 429,000,000 → 430,000,000
Processing samples 430,000,000 → 431,000,000
Processing samples 431,000,000 → 432,000,000
Processing samples 432,000,000 → 433,000,000
Processing samples 433,000,000 → 434,000,000
Processing samples 434,000,000 → 435,000,000
Processing samples 435,000,000 → 436,000,000
Processing samples 436,000,000 → 437,000,000
Processing samples 437,000,000 → 438,000,000
Processing samples 438,000,000 → 439,000,000
Processing samples 439,000,000 → 440,000,000
Processing samples 440,000,000 → 441,000,000
Processing samples 441,000,000 → 442,000,000
Processing samples 442,000,000 → 443,000,000
Processing samples 443,000,000 → 444,000,000
Processing samples 444,000,000 → 445,000,000
Processing samples 445,000,000 → 446,000,000
Processing samples 446,000,000 → 447,000,000
Processing samples 447,000,000 → 448,000,000
Processing samples 448,000,000 → 449,000,000
Processing samples 449,000,000 → 450,000,000
Processing samples 450,000,000 → 451,000,000
Processing samples 451,000,000 → 452,000,000
Processing samples 452,000,000 → 453,000,000
Processing samples 453,000,000 → 454,000,000
Processing samples 454,000,000 → 455,000,000
Processing samples 455,000,000 → 456,000,000
Processing samples 456,000,000 → 457,000,000
Processing samples 457,000,000 → 458,000,000
Processing samples 458,000,000 → 459,000,000
Processing samples 459,000,000 → 460,000,000
Processing samples 460,000,000 → 461,000,000
Processing samples 461,000,000 → 462,000,000
Processing samples 462,000,000 → 463,000,000
Processing samples 463,000,000 → 464,000,000
Processing samples 464,000,000 → 465,000,000
Processing samples 465,000,000 → 466,000,000
Processing samples 466,000,000 → 467,000,000
Processing samples 467,000,000 → 468,000,000
Processing samples 468,000,000 → 469,000,000
Processing samples 469,000,000 → 470,000,000
Processing samples 470,000,000 → 471,000,000
Processing samples 471,000,000 → 472,000,000
Processing samples 472,000,000 → 473,000,000
Processing samples 473,000,000 → 474,000,000
Processing samples 474,000,000 → 475,000,000
Processing samples 475,000,000 → 476,000,000
Processing samples 476,000,000 → 477,000,000
Processing samples 477,000,000 → 478,000,000
Processing samples 478,000,000 → 479,000,000
Processing samples 479,000,000 → 480,000,000
Processing samples 480,000,000 → 481,000,000
Processing samples 481,000,000 → 482,000,000
Processing samples 482,000,000 → 483,000,000
Processing samples 483,000,000 → 484,000,000
Processing samples 484,000,000 → 485,000,000
Processing samples 485,000,000 → 486,000,000
Processing samples 486,000,000 → 487,000,000
Processing samples 487,000,000 → 488,000,000
Processing samples 488,000,000 → 489,000,000
Processing samples 489,000,000 → 490,000,000
Processing samples 490,000,000 → 491,000,000
Processing samples 491,000,000 → 492,000,000
Processing samples 492,000,000 → 493,000,000
Processing samples 493,000,000 → 494,000,000
Processing samples 494,000,000 → 495,000,000
Processing samples 495,000,000 → 496,000,000
Processing samples 496,000,000 → 497,000,000
Processing samples 497,000,000 → 498,000,000
Processing samples 498,000,000 → 499,000,000
Processing samples 499,000,000 → 500,000,000
Processing samples 500,000,000 → 501,000,000
Processing samples 501,000,000 → 502,000,000
Processing samples 502,000,000 → 503,000,000
Processing samples 503,000,000 → 504,000,000
Processing samples 504,000,000 → 505,000,000
Processing samples 505,000,000 → 506,000,000
Processing samples 506,000,000 → 507,000,000
Processing samples 507,000,000 → 508,000,000
Processing samples 508,000,000 → 509,000,000
Processing samples 509,000,000 → 510,000,000
Processing samples 510,000,000 → 511,000,000
Processing samples 511,000,000 → 512,000,000
Processing samples 512,000,000 → 513,000,000
Processing samples 513,000,000 → 514,000,000
Processing samples 514,000,000 → 515,000,000
Processing samples 515,000,000 → 516,000,000
Processing samples 516,000,000 → 517,000,000
Processing samples 517,000,000 → 518,000,000
Processing samples 518,000,000 → 519,000,000
Processing samples 519,000,000 → 520,000,000
Processing samples 520,000,000 → 521,000,000
Processing samples 521,000,000 → 522,000,000
Processing samples 522,000,000 → 523,000,000
Processing samples 523,000,000 → 524,000,000
Processing samples 524,000,000 → 525,000,000
Processing samples 525,000,000 → 526,000,000
Processing samples 526,000,000 → 527,000,000
Processing samples 527,000,000 → 528,000,000
Processing samples 528,000,000 → 529,000,000
Processing samples 529,000,000 → 530,000,000
Processing samples 530,000,000 → 531,000,000
Processing samples 531,000,000 → 532,000,000
Processing samples 532,000,000 → 533,000,000
Processing samples 533,000,000 → 534,000,000
Processing samples 534,000,000 → 535,000,000
Processing samples 535,000,000 → 536,000,000
Processing samples 536,000,000 → 537,000,000
Processing samples 537,000,000 → 538,000,000
Processing samples 538,000,000 → 539,000,000
Processing samples 539,000,000 → 540,000,000
Processing samples 540,000,000 → 541,000,000
Processing samples 541,000,000 → 542,000,000
Processing samples 542,000,000 → 543,000,000
Processing samples 543,000,000 → 544,000,000
Processing samples 544,000,000 → 545,000,000
Processing samples 545,000,000 → 546,000,000
Processing samples 546,000,000 → 547,000,000
Processing samples 547,000,000 → 548,000,000
Processing samples 548,000,000 → 549,000,000
Processing samples 549,000,000 → 550,000,000
Processing samples 550,000,000 → 551,000,000
Processing samples 551,000,000 → 552,000,000
Processing samples 552,000,000 → 553,000,000
Processing samples 553,000,000 → 554,000,000
Processing samples 554,000,000 → 555,000,000
Processing samples 555,000,000 → 556,000,000
Processing samples 556,000,000 → 557,000,000
Processing samples 557,000,000 → 558,000,000
Processing samples 558,000,000 → 559,000,000
Processing samples 559,000,000 → 560,000,000
Processing samples 560,000,000 → 561,000,000
Processing samples 561,000,000 → 562,000,000
Processing samples 562,000,000 → 563,000,000
Processing samples 563,000,000 → 564,000,000
Processing samples 564,000,000 → 565,000,000
Processing samples 565,000,000 → 566,000,000
Processing samples 566,000,000 → 567,000,000
Processing samples 567,000,000 → 568,000,000
Processing samples 568,000,000 → 569,000,000
Processing samples 569,000,000 → 570,000,000
Processing samples 570,000,000 → 571,000,000
Processing samples 571,000,000 → 572,000,000
Processing samples 572,000,000 → 573,000,000
Processing samples 573,000,000 → 574,000,000
Processing samples 574,000,000 → 575,000,000
Processing samples 575,000,000 → 576,000,000
Processing samples 576,000,000 → 577,000,000
Processing samples 577,000,000 → 578,000,000
Processing samples 578,000,000 → 579,000,000
Processing samples 579,000,000 → 580,000,000
Processing samples 580,000,000 → 581,000,000
Processing samples 581,000,000 → 582,000,000
Processing samples 582,000,000 → 583,000,000
Processing samples 583,000,000 → 584,000,000
Processing samples 584,000,000 → 585,000,000
Processing samples 585,000,000 → 586,000,000
Processing samples 586,000,000 → 587,000,000
Processing samples 587,000,000 → 588,000,000
Processing samples 588,000,000 → 589,000,000
Processing samples 589,000,000 → 590,000,000
Processing samples 590,000,000 → 591,000,000
Processing samples 591,000,000 → 592,000,000
Processing samples 592,000,000 → 593,000,000
Processing samples 593,000,000 → 594,000,000
Processing samples 594,000,000 → 595,000,000
Processing samples 595,000,000 → 596,000,000
Processing samples 596,000,000 → 597,000,000
Processing samples 597,000,000 → 598,000,000
Processing samples 598,000,000 → 599,000,000
Processing samples 599,000,000 → 600,000,000
Processing samples 600,000,000 → 601,000,000
Processing samples 601,000,000 → 602,000,000
Processing samples 602,000,000 → 603,000,000
Processing samples 603,000,000 → 604,000,000
Processing samples 604,000,000 → 605,000,000
Processing samples 605,000,000 → 606,000,000
Processing samples 606,000,000 → 607,000,000
Processing samples 607,000,000 → 608,000,000
Processing samples 608,000,000 → 609,000,000
Processing samples 609,000,000 → 610,000,000
Processing samples 610,000,000 → 611,000,000
Processing samples 611,000,000 → 612,000,000
Processing samples 612,000,000 → 613,000,000
Processing samples 613,000,000 → 614,000,000
Processing samples 614,000,000 → 615,000,000
Processing samples 615,000,000 → 616,000,000
Processing samples 616,000,000 → 617,000,000
Processing samples 617,000,000 → 618,000,000
Processing samples 618,000,000 → 619,000,000
Processing samples 619,000,000 → 620,000,000
Processing samples 620,000,000 → 621,000,000
Processing samples 621,000,000 → 622,000,000
Processing samples 622,000,000 → 623,000,000
Processing samples 623,000,000 → 624,000,000
Processing samples 624,000,000 → 625,000,000
Processing samples 625,000,000 → 626,000,000
Processing samples 626,000,000 → 627,000,000
Processing samples 627,000,000 → 628,000,000
Processing samples 628,000,000 → 629,000,000
Processing samples 629,000,000 → 630,000,000
Processing samples 630,000,000 → 631,000,000
Processing samples 631,000,000 → 632,000,000
Processing samples 632,000,000 → 633,000,000
Processing samples 633,000,000 → 634,000,000
Processing samples 634,000,000 → 635,000,000
Processing samples 635,000,000 → 636,000,000
Processing samples 636,000,000 → 637,000,000
Processing samples 637,000,000 → 638,000,000
Processing samples 638,000,000 → 639,000,000
Processing samples 639,000,000 → 640,000,000
Processing samples 640,000,000 → 641,000,000
Processing samples 641,000,000 → 642,000,000
Processing samples 642,000,000 → 643,000,000
Processing samples 643,000,000 → 644,000,000
Processing samples 644,000,000 → 645,000,000
Processing samples 645,000,000 → 646,000,000
Processing samples 646,000,000 → 647,000,000
Processing samples 647,000,000 → 648,000,000
Processing samples 648,000,000 → 649,000,000
Processing samples 649,000,000 → 650,000,000
Processing samples 650,000,000 → 651,000,000
Processing samples 651,000,000 → 652,000,000
Processing samples 652,000,000 → 653,000,000
Processing samples 653,000,000 → 654,000,000
Processing samples 654,000,000 → 655,000,000
Processing samples 655,000,000 → 656,000,000
Processing samples 656,000,000 → 657,000,000
Processing samples 657,000,000 → 658,000,000
Processing samples 658,000,000 → 659,000,000
Processing samples 659,000,000 → 660,000,000
Processing samples 660,000,000 → 661,000,000
Processing samples 661,000,000 → 662,000,000
Processing samples 662,000,000 → 663,000,000
Processing samples 663,000,000 → 664,000,000
Processing samples 664,000,000 → 665,000,000
Processing samples 665,000,000 → 666,000,000
Processing samples 666,000,000 → 667,000,000
Processing samples 667,000,000 → 668,000,000
Processing samples 668,000,000 → 669,000,000
Processing samples 669,000,000 → 670,000,000
Processing samples 670,000,000 → 671,000,000
Processing samples 671,000,000 → 672,000,000
Processing samples 672,000,000 → 673,000,000
Processing samples 673,000,000 → 674,000,000
Processing samples 674,000,000 → 675,000,000
Processing samples 675,000,000 → 676,000,000
Processing samples 676,000,000 → 677,000,000
Processing samples 677,000,000 → 678,000,000
Processing samples 678,000,000 → 679,000,000
Processing samples 679,000,000 → 680,000,000
Processing samples 680,000,000 → 681,000,000
Processing samples 681,000,000 → 682,000,000
Processing samples 682,000,000 → 683,000,000
Processing samples 683,000,000 → 684,000,000
Processing samples 684,000,000 → 685,000,000
Processing samples 685,000,000 → 686,000,000
Processing samples 686,000,000 → 687,000,000
Processing samples 687,000,000 → 688,000,000
Processing samples 688,000,000 → 689,000,000
Processing samples 689,000,000 → 690,000,000
Processing samples 690,000,000 → 691,000,000
Processing samples 691,000,000 → 692,000,000
Processing samples 692,000,000 → 693,000,000
Processing samples 693,000,000 → 694,000,000
Processing samples 694,000,000 → 695,000,000
Processing samples 695,000,000 → 696,000,000
Processing samples 696,000,000 → 697,000,000
Processing samples 697,000,000 → 698,000,000
Processing samples 698,000,000 → 699,000,000
Processing samples 699,000,000 → 700,000,000
Processing samples 700,000,000 → 701,000,000
Processing samples 701,000,000 → 702,000,000
Processing samples 702,000,000 → 703,000,000
Processing samples 703,000,000 → 704,000,000
Processing samples 704,000,000 → 705,000,000
Processing samples 705,000,000 → 706,000,000
Processing samples 706,000,000 → 707,000,000
Processing samples 707,000,000 → 708,000,000
Processing samples 708,000,000 → 709,000,000
Processing samples 709,000,000 → 710,000,000
Processing samples 710,000,000 → 711,000,000
Processing samples 711,000,000 → 712,000,000
Processing samples 712,000,000 → 713,000,000
Processing samples 713,000,000 → 714,000,000
Processing samples 714,000,000 → 715,000,000
Processing samples 715,000,000 → 716,000,000
Processing samples 716,000,000 → 717,000,000
Processing samples 717,000,000 → 718,000,000
Processing samples 718,000,000 → 719,000,000
Processing samples 719,000,000 → 720,000,000
Processing samples 720,000,000 → 721,000,000
Processing samples 721,000,000 → 722,000,000
Processing samples 722,000,000 → 723,000,000
Processing samples 723,000,000 → 724,000,000
Processing samples 724,000,000 → 725,000,000
Processing samples 725,000,000 → 726,000,000
Processing samples 726,000,000 → 727,000,000
Processing samples 727,000,000 → 728,000,000
Processing samples 728,000,000 → 729,000,000
Processing samples 729,000,000 → 730,000,000
Processing samples 730,000,000 → 731,000,000
Processing samples 731,000,000 → 732,000,000
Processing samples 732,000,000 → 733,000,000
Processing samples 733,000,000 → 734,000,000
Processing samples 734,000,000 → 735,000,000
Processing samples 735,000,000 → 736,000,000
Processing samples 736,000,000 → 737,000,000
Processing samples 737,000,000 → 738,000,000
Processing samples 738,000,000 → 739,000,000
Processing samples 739,000,000 → 740,000,000
Processing samples 740,000,000 → 741,000,000
Processing samples 741,000,000 → 742,000,000
Processing samples 742,000,000 → 743,000,000
Processing samples 743,000,000 → 744,000,000
Processing samples 744,000,000 → 745,000,000
Processing samples 745,000,000 → 746,000,000
Processing samples 746,000,000 → 747,000,000
Processing samples 747,000,000 → 748,000,000
Processing samples 748,000,000 → 749,000,000
Processing samples 749,000,000 → 750,000,000
Processing samples 750,000,000 → 751,000,000
Processing samples 751,000,000 → 752,000,000
Processing samples 752,000,000 → 753,000,000
Processing samples 753,000,000 → 754,000,000
Processing samples 754,000,000 → 755,000,000
Processing samples 755,000,000 → 756,000,000
Processing samples 756,000,000 → 757,000,000
Processing samples 757,000,000 → 758,000,000
Processing samples 758,000,000 → 759,000,000
Processing samples 759,000,000 → 760,000,000
Processing samples 760,000,000 → 761,000,000
Processing samples 761,000,000 → 762,000,000
Processing samples 762,000,000 → 763,000,000
Processing samples 763,000,000 → 764,000,000
Processing samples 764,000,000 → 765,000,000
Processing samples 765,000,000 → 766,000,000
Processing samples 766,000,000 → 767,000,000
Processing samples 767,000,000 → 768,000,000
Processing samples 768,000,000 → 769,000,000
Processing samples 769,000,000 → 770,000,000
Processing samples 770,000,000 → 771,000,000
Processing samples 771,000,000 → 772,000,000
Processing samples 772,000,000 → 773,000,000
Processing samples 773,000,000 → 774,000,000
Processing samples 774,000,000 → 775,000,000
Processing samples 775,000,000 → 776,000,000
Processing samples 776,000,000 → 777,000,000
Processing samples 777,000,000 → 778,000,000
Processing samples 778,000,000 → 779,000,000
Processing samples 779,000,000 → 780,000,000
Processing samples 780,000,000 → 781,000,000
Processing samples 781,000,000 → 782,000,000
Processing samples 782,000,000 → 783,000,000
Processing samples 783,000,000 → 784,000,000
Processing samples 784,000,000 → 785,000,000
Processing samples 785,000,000 → 786,000,000
Processing samples 786,000,000 → 787,000,000
Processing samples 787,000,000 → 788,000,000
Processing samples 788,000,000 → 789,000,000
Processing samples 789,000,000 → 790,000,000
Processing samples 790,000,000 → 791,000,000
Processing samples 791,000,000 → 792,000,000
Processing samples 792,000,000 → 793,000,000
Processing samples 793,000,000 → 794,000,000
Processing samples 794,000,000 → 795,000,000
Processing samples 795,000,000 → 796,000,000
Processing samples 796,000,000 → 797,000,000
Processing samples 797,000,000 → 798,000,000
Processing samples 798,000,000 → 799,000,000
Processing samples 799,000,000 → 800,000,000
Processing samples 800,000,000 → 801,000,000
Processing samples 801,000,000 → 802,000,000
Processing samples 802,000,000 → 803,000,000
Processing samples 803,000,000 → 804,000,000
Processing samples 804,000,000 → 805,000,000
Processing samples 805,000,000 → 806,000,000
Processing samples 806,000,000 → 807,000,000
Processing samples 807,000,000 → 808,000,000
Processing samples 808,000,000 → 809,000,000
Processing samples 809,000,000 → 810,000,000
Processing samples 810,000,000 → 811,000,000
Processing samples 811,000,000 → 812,000,000
Processing samples 812,000,000 → 813,000,000
Processing samples 813,000,000 → 814,000,000
Processing samples 814,000,000 → 815,000,000
Processing samples 815,000,000 → 816,000,000
Processing samples 816,000,000 → 817,000,000
Processing samples 817,000,000 → 818,000,000
Processing samples 818,000,000 → 819,000,000
Processing samples 819,000,000 → 820,000,000
Processing samples 820,000,000 → 821,000,000
Processing samples 821,000,000 → 822,000,000
Processing samples 822,000,000 → 823,000,000
Processing samples 823,000,000 → 824,000,000
Processing samples 824,000,000 → 825,000,000
Processing samples 825,000,000 → 826,000,000
Processing samples 826,000,000 → 827,000,000
Processing samples 827,000,000 → 828,000,000
Processing samples 828,000,000 → 829,000,000
Processing samples 829,000,000 → 830,000,000
Processing samples 830,000,000 → 831,000,000
Processing samples 831,000,000 → 832,000,000
Processing samples 832,000,000 → 833,000,000
Processing samples 833,000,000 → 834,000,000
Processing samples 834,000,000 → 835,000,000
Processing samples 835,000,000 → 836,000,000
Processing samples 836,000,000 → 837,000,000
Processing samples 837,000,000 → 838,000,000
Processing samples 838,000,000 → 839,000,000
Processing samples 839,000,000 → 840,000,000
Processing samples 840,000,000 → 841,000,000
Processing samples 841,000,000 → 842,000,000
Processing samples 842,000,000 → 843,000,000
Processing samples 843,000,000 → 844,000,000
Processing samples 844,000,000 → 845,000,000
Processing samples 845,000,000 → 846,000,000
Processing samples 846,000,000 → 847,000,000
Processing samples 847,000,000 → 848,000,000
Processing samples 848,000,000 → 849,000,000
Processing samples 849,000,000 → 850,000,000
Processing samples 850,000,000 → 851,000,000
Processing samples 851,000,000 → 852,000,000
Processing samples 852,000,000 → 853,000,000
Processing samples 853,000,000 → 854,000,000
Processing samples 854,000,000 → 855,000,000
Processing samples 855,000,000 → 856,000,000
Processing samples 856,000,000 → 857,000,000
Processing samples 857,000,000 → 858,000,000
Processing samples 858,000,000 → 859,000,000
Processing samples 859,000,000 → 860,000,000
Processing samples 860,000,000 → 861,000,000
Processing samples 861,000,000 → 862,000,000
Processing samples 862,000,000 → 863,000,000
Processing samples 863,000,000 → 864,000,000
Processing samples 864,000,000 → 865,000,000
Processing samples 865,000,000 → 866,000,000
Processing samples 866,000,000 → 867,000,000
Processing samples 867,000,000 → 868,000,000
Processing samples 868,000,000 → 869,000,000
Processing samples 869,000,000 → 870,000,000
Processing samples 870,000,000 → 871,000,000
Processing samples 871,000,000 → 872,000,000
Processing samples 872,000,000 → 873,000,000
Processing samples 873,000,000 → 874,000,000
Processing samples 874,000,000 → 875,000,000
Processing samples 875,000,000 → 876,000,000
Processing samples 876,000,000 → 877,000,000
Processing samples 877,000,000 → 878,000,000
Processing samples 878,000,000 → 879,000,000
Processing samples 879,000,000 → 880,000,000
Processing samples 880,000,000 → 881,000,000
Processing samples 881,000,000 → 882,000,000
Processing samples 882,000,000 → 883,000,000
Processing samples 883,000,000 → 884,000,000
Processing samples 884,000,000 → 885,000,000
Processing samples 885,000,000 → 886,000,000
Processing samples 886,000,000 → 887,000,000
Processing samples 887,000,000 → 888,000,000
Processing samples 888,000,000 → 889,000,000
Processing samples 889,000,000 → 890,000,000
Processing samples 890,000,000 → 891,000,000
Processing samples 891,000,000 → 892,000,000
Processing samples 892,000,000 → 893,000,000
Processing samples 893,000,000 → 894,000,000
Processing samples 894,000,000 → 895,000,000
Processing samples 895,000,000 → 896,000,000
Processing samples 896,000,000 → 897,000,000
Processing samples 897,000,000 → 898,000,000
Processing samples 898,000,000 → 899,000,000
Processing samples 899,000,000 → 900,000,000
Processing samples 900,000,000 → 901,000,000
Processing samples 901,000,000 → 902,000,000
Processing samples 902,000,000 → 903,000,000
Processing samples 903,000,000 → 904,000,000
Processing samples 904,000,000 → 905,000,000
Processing samples 905,000,000 → 906,000,000
Processing samples 906,000,000 → 907,000,000
Processing samples 907,000,000 → 908,000,000
Processing samples 908,000,000 → 909,000,000
Processing samples 909,000,000 → 910,000,000
Processing samples 910,000,000 → 911,000,000
Processing samples 911,000,000 → 912,000,000
Processing samples 912,000,000 → 913,000,000
Processing samples 913,000,000 → 914,000,000
Processing samples 914,000,000 → 915,000,000
Processing samples 915,000,000 → 916,000,000
Processing samples 916,000,000 → 917,000,000
Processing samples 917,000,000 → 918,000,000
Processing samples 918,000,000 → 919,000,000
Processing samples 919,000,000 → 920,000,000
Processing samples 920,000,000 → 921,000,000
Processing samples 921,000,000 → 922,000,000
Processing samples 922,000,000 → 923,000,000
Processing samples 923,000,000 → 924,000,000
Processing samples 924,000,000 → 925,000,000
Processing samples 925,000,000 → 926,000,000
Processing samples 926,000,000 → 927,000,000
Processing samples 927,000,000 → 928,000,000
Processing samples 928,000,000 → 929,000,000
Processing samples 929,000,000 → 930,000,000
Processing samples 930,000,000 → 931,000,000
Processing samples 931,000,000 → 932,000,000
Processing samples 932,000,000 → 933,000,000
Processing samples 933,000,000 → 934,000,000
Processing samples 934,000,000 → 935,000,000
Processing samples 935,000,000 → 936,000,000
Processing samples 936,000,000 → 937,000,000
Processing samples 937,000,000 → 938,000,000
Processing samples 938,000,000 → 939,000,000
Processing samples 939,000,000 → 940,000,000
Processing samples 940,000,000 → 941,000,000
Processing samples 941,000,000 → 942,000,000
Processing samples 942,000,000 → 943,000,000
Processing samples 943,000,000 → 944,000,000
Processing samples 944,000,000 → 945,000,000
Processing samples 945,000,000 → 946,000,000
Processing samples 946,000,000 → 947,000,000
Processing samples 947,000,000 → 948,000,000
Processing samples 948,000,000 → 949,000,000
Processing samples 949,000,000 → 950,000,000
Processing samples 950,000,000 → 951,000,000
Processing samples 951,000,000 → 952,000,000
Processing samples 952,000,000 → 953,000,000
Processing samples 953,000,000 → 954,000,000
Processing samples 954,000,000 → 955,000,000
Processing samples 955,000,000 → 956,000,000
Processing samples 956,000,000 → 957,000,000
Processing samples 957,000,000 → 958,000,000
Processing samples 958,000,000 → 959,000,000
Processing samples 959,000,000 → 960,000,000
Processing samples 960,000,000 → 961,000,000
Processing samples 961,000,000 → 962,000,000
Processing samples 962,000,000 → 963,000,000
Processing samples 963,000,000 → 964,000,000
Processing samples 964,000,000 → 965,000,000
Processing samples 965,000,000 → 966,000,000
Processing samples 966,000,000 → 967,000,000
Processing samples 967,000,000 → 968,000,000
Processing samples 968,000,000 → 969,000,000
Processing samples 969,000,000 → 970,000,000
Processing samples 970,000,000 → 971,000,000
Processing samples 971,000,000 → 972,000,000
Processing samples 972,000,000 → 973,000,000
Processing samples 973,000,000 → 974,000,000
Processing samples 974,000,000 → 975,000,000
Processing samples 975,000,000 → 976,000,000
Processing samples 976,000,000 → 977,000,000
Processing samples 977,000,000 → 978,000,000
Processing samples 978,000,000 → 979,000,000
Processing samples 979,000,000 → 980,000,000
Processing samples 980,000,000 → 981,000,000
Processing samples 981,000,000 → 982,000,000
Processing samples 982,000,000 → 983,000,000
Processing samples 983,000,000 → 984,000,000
Processing samples 984,000,000 → 985,000,000
Processing samples 985,000,000 → 986,000,000
Processing samples 986,000,000 → 987,000,000
Processing samples 987,000,000 → 988,000,000
Processing samples 988,000,000 → 989,000,000
Processing samples 989,000,000 → 990,000,000
Processing samples 990,000,000 → 991,000,000
Processing samples 991,000,000 → 992,000,000
Processing samples 992,000,000 → 993,000,000
Processing samples 993,000,000 → 994,000,000
Processing samples 994,000,000 → 995,000,000
Processing samples 995,000,000 → 996,000,000
Processing samples 996,000,000 → 997,000,000
Processing samples 997,000,000 → 998,000,000
Processing samples 998,000,000 → 999,000,000
Processing samples 999,000,000 → 1,000,000,000

Mask keeps 203460 / 1000000000 samples

Saved masked file → /scratch/na00078/projects/IPTA_MDC2/h5_files/dl_masked/G2D1_broad_UL_1e9_fixed_gamma_dLmasked_75.400Mpc.h5
