Submitted UL job: 2066943
/var/spool/slurmd/job2066942/slurm_script: line 56: 
#!/usr/bin/env bash
set -euo pipefail

PY="/scratch/na00078/conda_envs/QuickCW/bin/python"

detect_jobid=$(
  sbatch --parsable <<EOF
#!/bin/bash
#SBATCH --job-name=G2D1_narrow_detect
#SBATCH --output=G2D1_narrow_detect.out
#SBATCH -p sbs0016
#SBATCH --mem-per-cpu=64G
#SBATCH --ntasks=1
$PY runQuickMCMC_G2D1_narrow.py --save_filename G2D1_narrow_detect_fixed_gamma.h5 --amplitude_prior detection
EOF
)
echo "Submitted detection job: ${detect_jobid}"

sbatch --dependency=afterok:${detect_jobid} <<EOF
#!/bin/bash
#SBATCH --job-name=G2D1_narrow_UL
#SBATCH --output=G2D1_narrow_UL.out
#SBATCH -p sbs0016
#SBATCH --mem-per-cpu=64G
#SBATCH --ntasks=1
$PY runQuickMCMC_G2D1_narrow.py --save_filename G2D1_narrow_UL_fixed_gamma.h5 --amplitude_prior UL
EOF
echo "Submitted UL job (afterok:${detect_jobid})"
: No such file or directory
