Processing G2D2_narrow_detect_simulated.h5 -> G2D2_narrow_detect_simulated_outfile.h5
Infile:  /scratch/na00078/projects/IPTA_MDC2/h5_files/G2D2_narrow_detect_simulated.h5
Outfile: /scratch/na00078/projects/IPTA_MDC2/h5_files/G2D2_narrow_detect_simulated_outfile.h5
Keeping first 8 parameters
Infile samples_cold shape: (1, 100000000, 142)
Infile log_likelihood shape: (1, 100000000)
Done.
Processing G2D2_narrow_detect_tref_earth_only.h5 -> G2D2_narrow_detect_tref_earth_only_outfile.h5
Infile:  /scratch/na00078/projects/IPTA_MDC2/h5_files/G2D2_narrow_detect_tref_earth_only.h5
Outfile: /scratch/na00078/projects/IPTA_MDC2/h5_files/G2D2_narrow_detect_tref_earth_only_outfile.h5
Keeping first 8 parameters
Infile samples_cold shape: (1, 100000000, 142)
Infile log_likelihood shape: (1, 100000000)
Done.
Processing G2D2_narrow_detect_earth_only.h5 -> G2D2_narrow_detect_earth_only_outfile.h5
Infile:  /scratch/na00078/projects/IPTA_MDC2/h5_files/G2D2_narrow_detect_earth_only.h5
Outfile: /scratch/na00078/projects/IPTA_MDC2/h5_files/G2D2_narrow_detect_earth_only_outfile.h5
Keeping first 8 parameters
Infile samples_cold shape: (1, 100000000, 142)
Infile log_likelihood shape: (1, 100000000)
Done.
All done.
