13:57:09 ENT I {"N": 72001, "tau_mc": 190.3947503364943, "tau_h": 190.3947503364943, "ESS_mc": 378.1669393339311, "mc_eq5_taumc": [9.781357760725683, 0.016241299784520373], "mc_eq5_tauown": [9.781357760725683, 0.016241299784520373], "mc_boot_20taumc": [9.781357760725683, 0.02024421930409048, 19], "h_eq5_taumc": [-13.422336694563686, 0.02562794980063936], "h_eq5_tauown": [-13.422336694563686, 0.02562794980063936], "h_boot_20taumc": [-13.422336694563686, 0.03396215945309877, 19]}
13:57:09 ENT H {"N": 72001, "tau_mc": 1077.9754952594296, "tau_h": 1246.1111081251865, "ESS_mc": 66.79279846029522, "mc_eq5_taumc": [9.79875826671424, 0.013510574709579561], "mc_eq5_tauown": [9.79875826671424, 0.013510574709579561], "mc_boot_20taumc": [9.79875826671424, 0.012349977907201931, 4], "h_eq5_taumc": [-12.55309426623268, 0.02613872041968955], "h_eq5_tauown": [-12.55309426623268, 0.028103361058057847], "h_boot_20taumc": [-12.55309426623268, 0.10016512756756267, 4]}
13:57:09 === DONE ['ENT']
13:58:15 read G2D1_narrow_UL_4core.h5 ['0_log10_fgw', '0_log10_h', '0_log10_mc'] 100000000
13:58:18 D {"N": 100000000, "Nsurv": 7151, "distinct_mc": 2110, "distinct_states": 2110, "blocks_20taumc": 482, "gap_median": 690.0, "mc_boot_20taumc": [9.792848587036133, 0.08097818507685509, 482], "h_boot_20taumc": [-13.404461860656738, 0.13368990826797242, 482], "h_boot_20tauh": [-13.404461860656738, 0.13193521505774075, 5212], "mc_eq5_raw": [9.792848587036133, 0.007796111948427472], "h_eq5_raw": [-13.404461860656738, 0.011126318920458324], "tau_reindexed_mc": 29.287744032654967, "rho_fig": 0.03414397499804115}
13:59:00 read G2D2_fixed_UL_loki_100M_lastTOA_ntol_10_4core.h5 ['0_log10_dist', '0_log10_fgw', '0_log10_mc'] 100000000
14:03:27 read G2D1_broad_UL_4core.h5 ['0_log10_fgw', '0_log10_h', '0_log10_mc'] 100000000
14:03:29 C {"N": 100000000, "Nsurv": 13662, "distinct_mc": 2174, "distinct_states": 2176, "blocks_20taumc": 429, "gap_median": 13.0, "mc_boot_20taumc": [9.751612663269043, 0.010656919529871106, 429], "h_boot_20taumc": [-12.76811695098877, 0.052895508989928515, 429], "h_boot_20tauh": [-12.76811695098877, 0.05142445384268077, 2020], "mc_eq5_raw": [9.751612663269043, 0.0012409868760266728], "h_eq5_raw": [-12.76811695098877, 0.007438608715787222], "tau_reindexed_mc": 59.06086486256331, "rho_fig": 0.016931685682677267}
14:03:29 C per bin: f_lo f_hi n states blocks UL errBoot errFigEq5 UL_h1 UL_h2 z_half
14:03:29 C 2.12 4.24 1664 390 209 9.7293 0.0384 0.0142 9.7751 9.7293 0.59
14:03:29 C 4.24 6.36 645 197 133 9.7574 0.0285 0.0909 9.7426 9.7574 -0.26
14:03:29 C 6.36 8.47 719 152 111 9.6973 0.0434 0.0682 9.7652 9.6419 1.42
14:03:29 C 8.47 10.59 3576 208 150 9.7516 0.0133 0.0162 9.7415 9.7516 -0.38
14:03:29 C 10.59 12.71 1433 111 88 9.7038 0.0218 0.0143 9.7038 9.7396 -0.82
14:03:29 C 12.71 14.83 285 79 63 9.6391 0.0320 0.1159 9.5647 9.6404 -1.18
14:03:29 C 14.83 16.95 706 75 63 9.6610 0.0121 0.0093 9.6532 9.6760 -0.94
14:03:30 C 16.95 19.06 116 44 39 9.6187 0.0512 0.2149 9.5654 9.6187 -0.52
14:03:30 C 19.06 21.18 168 48 44 9.7825 0.0756 0.1727 9.5971 9.7825 -1.23
14:03:30 C 21.18 23.30 158 39 33 9.6950 0.0974 0.2638 9.6305 9.6950 -0.33
14:03:30 C 23.30 25.42 127 51 43 9.6966 0.0286 0.1615 9.7039 9.6946 0.16
14:03:30 C 25.42 27.53 56 25 23 9.5574 0.0476 0.1903 9.5469 9.6071 -0.63
14:03:30 C 27.53 29.65 191 48 39 9.7686 0.0560 0.0697 9.7686 9.7388 0.27
14:03:30 C 29.65 31.77 410 56 51 9.7732 0.0172 0.0219 9.7732 9.7087 1.88
14:03:30 C 31.77 33.89 124 32 26 9.8175 0.0344 0.0975 9.8175 9.7141 1.51
14:03:30 C 33.89 36.01 83 31 26 9.7251 0.0369 0.1003 9.4412 9.7251 -3.84
14:03:30 C 36.01 38.12 218 39 32 9.6850 0.0698 0.0712 9.5373 9.6850 -1.06
14:03:30 C 38.12 40.24 125 27 25 9.7646 0.0695 0.0744 9.7695 9.7646 0.04
14:03:30 C 40.24 42.36 99 33 30 9.6439 0.0953 0.3319 9.6555 9.6375 0.09
14:03:30 C 42.36 44.48 84 31 29 9.6635 0.0498 0.1606 9.7100 9.6635 0.47
14:03:30 C 44.48 46.60 72 21 19 9.7461 0.0401 0.0845 9.7144 9.7461 -0.40
14:03:30 C 46.60 48.71 73 24 21 9.5685 0.0845 0.4740 9.4492 9.6757 -1.34
14:03:30 C 48.71 50.83 147 26 23 9.7807 0.0551 0.0408 9.7807 9.7206 0.55
14:03:30 C 50.83 52.95 56 23 22 9.6919 0.0616 0.2052 9.7140 9.5579 1.27
14:03:30 C 52.95 55.07 81 17 14 9.4726 0.1045 0.2628 9.4527 9.6496 -0.94
14:03:30 C 55.07 57.19 69 20 18 9.7006 0.1130 0.2291 9.7006 9.7750 -0.33
14:03:30 C 57.19 59.30 378 26 22 9.6104 0.0402 0.0093 9.6104 9.5802 0.38
14:03:30 C 59.30 61.42 101 21 17 9.7047 0.0900 0.0886 9.5318 9.7047 -0.96
14:03:30 C 61.42 63.54 132 22 22 9.7006 0.0675 0.0363 9.6470 9.7006 -0.40
14:03:30 C 63.54 65.66 99 18 17 9.7221 0.0650 0.1725 9.7221 9.6738 0.37
14:03:30 C 65.66 67.77 195 31 28 9.7784 0.0219 0.0661 9.6474 9.7784 -2.99
14:03:30 C 67.77 69.89 208 23 23 9.8163 0.0476 0.0257 9.8097 9.8163 -0.07
14:03:30 C 69.89 72.01 215 23 20 9.7288 0.0436 0.0242 9.6760 9.7288 -0.61
14:03:30 C 72.01 74.13 86 18 16 9.7859 0.0361 0.0828 9.7900 9.7666 0.32
14:03:30 C 74.13 76.25 81 13 12 9.7270 0.0687 0.0479 9.6814 9.7270 -0.33
14:03:30 C 76.25 78.36 26 13 12 9.7895 0.0798 0.1369 9.7724 9.7953 -0.14
14:03:30 C 78.36 80.48 69 17 14 9.5665 0.1138 0.3785 9.6944 9.5641 0.57
14:03:30 C 80.48 82.60 26 8 8 9.6200 0.1018 0.5623 9.4344 9.6759 -1.19
14:03:30 C 82.60 84.72 23 9 9 9.5210 0.0819 0.1606 9.4220 9.5210 -0.60
14:03:30 C 84.72 86.84 57 15 12 9.7093 0.0766 0.1508 9.7093 9.5253 1.20
14:03:30 C 86.84 88.95 43 12 12 9.6206 0.0634 0.1261 9.4702 9.6348 -1.30
14:03:30 C 88.95 91.07 167 11 11 9.5641 0.0551 0.0229 9.5348 9.5767 -0.38
14:03:30 C 91.07 93.19 44 9 10 9.6497 0.0518 0.1213 9.6657 9.5661 0.96
14:03:30 C 93.19 95.31 123 9 7 9.6112 0.0311 0.0186 9.6510 9.6112 0.64
14:03:30 C 95.31 97.43 46 15 13 9.5636 0.0605 0.1956 9.5693 9.5636 0.05
14:03:31 C 97.43 99.54 43 13 13 9.6744 0.0791 0.3135 9.6846 9.5712 0.72
14:03:31 C 99.54 101.66 15 3 3 9.7038 0.1266 0.1215 9.4508 9.7038 -1.00
14:04:09 read G2D2_fixed_UL_loki_100M_lastTOA_ntol_10_4core.h5 ['0_log10_dist', '0_log10_fgw', '0_log10_mc'] 100000000
14:04:31 M {"N": 100000000, "frac_in_1pc_window": 0.99999913, "dist_range": [74.64600718329663, 76.15400832756859], "tau_mc_recomputed": 21357.839907789035, "tau_h": 21358.794849513753, "mc_eq5_taumc": [9.771117210388184, 0.005942370457155785], "h_eq5_taumc": [-13.439376269330873, 0.010276729784491309], "h_eq5_tauh": [-13.439376269330873, 0.010276921009738881], "mc_boot_20taumc": [9.771117210388184, 0.006841834659847403, 235], "h_boot_20taumc": [-13.4392370348675, 0.011299623018058586, 235]}
14:04:54 read G2D2_broad_UL_loki_100M_lastTOA_4core.h5 ['0_log10_dist', '0_log10_fgw', '0_log10_mc'] 100000000
14:06:45 L {"N": 100000000, "frac_in_1pc_window": 0.99999878, "dist_range": [74.64600718329663, 76.15400832756859], "tau_mc_recomputed": 46849.35698256982, "tau_h": 46303.84736773457, "mc_eq5_taumc": [9.771245956420898, 0.0036385562900492327], "h_eq5_taumc": [-12.706729011535714, 0.019562769761017517], "h_eq5_tauh": [-12.706729011535714, 0.01944861682429857], "mc_boot_20taumc": [9.771852493286133, 0.004398860027485222, 107], "h_boot_20taumc": [-12.707486944198678, 0.025366084572187357, 107], "distinct_states": 60852}
14:06:45 L per bin: f_lo f_hi n states blocks UL errBoot errFigEq5 UL_h1 UL_h2 z_half
14:06:45 L 2.12 4.24 98574 7721 107 9.8024 0.0148 0.0218 9.7741 9.8212 -1.59
14:06:46 L 4.24 6.35 63913 4319 107 9.7671 0.0219 0.0334 9.7428 9.7884 -1.04
14:06:46 L 6.35 8.47 51141 3187 107 9.6928 0.0137 0.0254 9.6750 9.7066 -1.15
14:06:47 L 8.47 10.59 288370 4057 107 9.7649 0.0078 0.0054 9.7692 9.7572 0.77
14:06:47 L 10.59 12.71 75224 2110 107 9.7698 0.0150 0.0131 9.7865 9.7693 0.57
14:06:47 L 12.71 14.83 22022 1515 107 9.6473 0.0236 0.0195 9.6728 9.6473 0.54
14:06:47 L 14.83 16.94 43434 1591 107 9.7143 0.0159 0.0140 9.7267 9.7116 0.47
14:06:47 L 16.94 19.06 12948 1082 107 9.7340 0.0266 0.0296 9.7029 9.7409 -0.71
14:06:47 L 19.06 21.18 9253 836 107 9.6208 0.0325 0.0900 9.5423 9.6306 -1.36
14:06:47 L 21.18 23.30 8138 762 106 9.5864 0.0472 0.0824 9.6294 9.5756 0.57
14:06:47 L 23.30 25.41 9254 740 107 9.7247 0.0314 0.0436 9.7310 9.6800 0.81
14:06:47 L 25.41 27.53 8192 678 107 9.6837 0.0203 0.0645 9.6911 9.6620 0.72
14:06:47 L 27.53 29.65 16901 777 107 9.8229 0.0235 0.0205 9.7964 9.8376 -0.88
14:06:48 L 29.65 31.77 28473 883 107 9.7807 0.0102 0.0134 9.7882 9.7740 0.70
14:06:48 L 31.77 33.89 22760 813 106 9.8150 0.0210 0.0172 9.8523 9.7957 1.35
14:06:48 L 33.89 36.00 8615 569 106 9.7959 0.0268 0.0508 9.8526 9.7959 1.06
14:06:48 L 36.00 38.12 11352 611 107 9.7458 0.0368 0.0386 9.7458 9.7128 0.45
14:06:48 L 38.12 40.24 13939 562 105 9.7696 0.0171 0.0129 9.7445 9.8071 -1.83
14:06:48 L 40.24 42.36 5187 432 102 9.7382 0.0306 0.0602 9.7215 9.7711 -0.81
14:06:48 L 42.36 44.48 8014 522 104 9.7427 0.0379 0.0423 9.7427 9.6554 1.15
14:06:48 L 44.48 46.59 9428 462 102 9.8212 0.0208 0.0280 9.7599 9.8212 -1.48
14:06:48 L 46.59 48.71 5562 375 102 9.8531 0.0531 0.0320 9.8534 9.7297 1.17
14:06:48 L 48.71 50.83 4833 410 102 9.6714 0.0448 0.1675 9.7538 9.6114 1.59
14:06:48 L 50.83 52.95 3523 331 97 9.6921 0.0307 0.0640 9.7147 9.5819 2.16
14:06:48 L 52.95 55.07 3497 324 99 9.7371 0.0600 0.0721 9.5536 9.7371 -1.53
14:06:48 L 55.07 57.18 4580 342 99 9.7463 0.0232 0.0552 9.6648 9.7466 -1.76
14:06:48 L 57.18 59.30 9462 374 104 9.6451 0.0076 0.0178 9.6451 9.6477 -0.17
14:06:48 L 59.30 61.42 9674 344 98 9.7141 0.0085 0.0072 9.7149 9.7038 0.65
14:06:48 L 61.42 63.54 6441 374 100 9.7297 0.0403 0.1018 9.7168 9.7297 -0.16
14:06:48 L 63.54 65.66 11509 388 101 9.7552 0.0131 0.0130 9.7552 9.7402 0.57
14:06:49 L 65.66 67.77 21418 446 101 9.7686 0.0079 0.0035 9.7981 9.7628 2.25
14:06:49 L 67.77 69.89 14869 337 98 9.8350 0.0129 0.0089 9.8350 9.7841 1.96
14:06:49 L 69.89 72.01 12846 326 96 9.8523 0.0271 0.0125 9.8523 9.7913 1.13
14:06:49 L 72.01 74.13 7907 328 97 9.7682 0.0115 0.0161 9.7543 9.7682 -0.60
14:06:49 L 74.13 76.24 4456 246 89 9.7866 0.0341 0.0293 9.8173 9.7765 0.60
14:06:49 L 76.24 78.36 4144 273 93 9.8162 0.0222 0.0427 9.7943 9.8195 -0.57
14:06:49 L 78.36 80.48 3204 269 96 9.7946 0.0364 0.1191 9.7952 9.7712 0.33
14:06:49 L 80.48 82.60 2993 269 96 9.7379 0.0355 0.1454 9.7800 9.6810 1.39
14:06:49 L 82.60 84.72 3525 275 96 9.6958 0.0542 0.2059 9.7446 9.6136 1.21
14:06:49 L 84.72 86.83 4851 288 90 9.8070 0.0436 0.0485 9.8070 9.7923 0.17
14:06:49 L 86.83 88.95 3593 235 96 9.6691 0.0281 0.0453 9.6623 9.6966 -0.61
14:06:49 L 88.95 91.07 7304 261 93 9.6918 0.0331 0.0410 9.6918 9.5690 1.86
14:06:49 L 91.07 93.19 9406 271 86 9.6952 0.0360 0.0434 9.6670 9.7015 -0.48
14:06:49 L 93.19 95.31 11332 256 89 9.8572 0.0966 0.0146 9.6699 9.8572 -0.97
14:06:49 L 95.31 97.42 5216 249 91 9.6943 0.0059 0.0138 9.6943 9.6860 0.70
14:06:49 L 97.42 99.54 7573 251 88 9.7020 0.0058 0.0059 9.7020 9.6992 0.25
14:06:49 L 99.54 101.66 1150 55 41 9.7124 0.0375 0.0875 9.6909 9.7124 -0.29
14:06:49 === DONE ['C', 'M', 'L']
