/scratch/na00078/conda_envs/QuickCW/lib/python3.9/site-packages/numpy/core/fromnumeric.py:3504: RuntimeWarning: Mean of empty slice.
  return _methods._mean(a, axis=axis, dtype=dtype,
/scratch/na00078/conda_envs/QuickCW/lib/python3.9/site-packages/numpy/core/_methods.py:129: RuntimeWarning: invalid value encountered in scalar divide
  ret = ret.dtype.type(ret / rcount)
/scratch/na00078/conda_envs/QuickCW/lib/python3.9/site-packages/numpy/core/_methods.py:206: RuntimeWarning: Degrees of freedom <= 0 for slice
  ret = _var(a, axis=axis, dtype=dtype, out=out, ddof=ddof,
/scratch/na00078/conda_envs/QuickCW/lib/python3.9/site-packages/numpy/core/_methods.py:163: RuntimeWarning: invalid value encountered in divide
  arrmean = um.true_divide(arrmean, div, out=arrmean,
/scratch/na00078/conda_envs/QuickCW/lib/python3.9/site-packages/numpy/core/_methods.py:198: RuntimeWarning: invalid value encountered in scalar divide
  ret = ret.dtype.type(ret / rcount)
WARNING:root:Too few points to create valid contours
WARNING:root:Too few points to create valid contours
	Command being timed: "/scratch/na00078/conda_envs/QuickCW/bin/python /scratch/na00078/projects/IPTA_MDC2/postproc_loki_vs_runF.py"
	User time (seconds): 916.85
	System time (seconds): 57.39
	Percent of CPU this job got: 98%
	Elapsed (wall clock) time (h:mm:ss or m:ss): 16:25.41
	Average shared text size (kbytes): 0
	Average unshared data size (kbytes): 0
	Average stack size (kbytes): 0
	Average total size (kbytes): 0
	Maximum resident set size (kbytes): 107597692
	Average resident set size (kbytes): 0
	Major (requiring I/O) page faults: 0
	Minor (reclaiming a frame) page faults: 11660331
	Voluntary context switches: 7058
	Involuntary context switches: 1463
	Swaps: 0
	File system inputs: 0
	File system outputs: 8
	Socket messages sent: 0
	Socket messages received: 0
	Signals delivered: 0
	Page size (bytes): 4096
	Exit status: 0
