/var/spool/slurmd/job2132708/slurm_script: line 16: /scratch/na00078/conda_envs/QuickCW/bin/activate: No such file or directory
Traceback (most recent call last):
  File "/scratch/na00078/projects/IPTA_MDC2/postproc_loki_vs_runF.py", line 128, in <module>
    runf_raw   = f["samples_cold"][0, :, :]
  File "h5py/_objects.pyx", line 56, in h5py._objects.with_phil.wrapper
  File "h5py/_objects.pyx", line 57, in h5py._objects.with_phil.wrapper
  File "/scratch/na00078/conda_envs/QuickCW/lib/python3.9/site-packages/h5py/_hl/group.py", line 360, in __getitem__
    oid = h5o.open(self.id, self._e(name), lapl=self._lapl)
  File "h5py/_objects.pyx", line 56, in h5py._objects.with_phil.wrapper
  File "h5py/_objects.pyx", line 57, in h5py._objects.with_phil.wrapper
  File "h5py/h5o.pyx", line 257, in h5py.h5o.open
KeyError: "Unable to synchronously open object (object 'samples_cold' doesn't exist)"
Command exited with non-zero status 1
	Command being timed: "python /scratch/na00078/projects/IPTA_MDC2/postproc_loki_vs_runF.py"
	User time (seconds): 124.54
	System time (seconds): 27.99
	Percent of CPU this job got: 92%
	Elapsed (wall clock) time (h:mm:ss or m:ss): 2:45.16
	Average shared text size (kbytes): 0
	Average unshared data size (kbytes): 0
	Average stack size (kbytes): 0
	Average total size (kbytes): 0
	Maximum resident set size (kbytes): 72039072
	Average resident set size (kbytes): 0
	Major (requiring I/O) page faults: 0
	Minor (reclaiming a frame) page faults: 7273431
	Voluntary context switches: 6308
	Involuntary context switches: 202
	Swaps: 0
	File system inputs: 0
	File system outputs: 8
	Socket messages sent: 0
	Socket messages received: 0
	Signals delivered: 0
	Page size (bytes): 4096
	Exit status: 1
